------------------------------------------------------------
TimeQuest Timing Analyzer Summary
------------------------------------------------------------

Type  : Slow 1200mV 85C Model Setup 'clk'
Slack : -1.389
TNS   : -19.323

Type  : Slow 1200mV 85C Model Hold 'clk'
Slack : 0.357
TNS   : 0.000

Type  : Slow 1200mV 85C Model Recovery 'clk'
Slack : -0.501
TNS   : -7.735

Type  : Slow 1200mV 85C Model Removal 'clk'
Slack : 0.709
TNS   : 0.000

Type  : Slow 1200mV 85C Model Minimum Pulse Width 'clk'
Slack : -3.000
TNS   : -30.000

Type  : Slow 1200mV 0C Model Setup 'clk'
Slack : -1.153
TNS   : -15.014

Type  : Slow 1200mV 0C Model Hold 'clk'
Slack : 0.311
TNS   : 0.000

Type  : Slow 1200mV 0C Model Recovery 'clk'
Slack : -0.338
TNS   : -4.736

Type  : Slow 1200mV 0C Model Removal 'clk'
Slack : 0.651
TNS   : 0.000

Type  : Slow 1200mV 0C Model Minimum Pulse Width 'clk'
Slack : -3.000
TNS   : -30.000

Type  : Fast 1200mV 0C Model Setup 'clk'
Slack : -0.312
TNS   : -2.776

Type  : Fast 1200mV 0C Model Hold 'clk'
Slack : 0.186
TNS   : 0.000

Type  : Fast 1200mV 0C Model Recovery 'clk'
Slack : 0.137
TNS   : 0.000

Type  : Fast 1200mV 0C Model Removal 'clk'
Slack : 0.386
TNS   : 0.000

Type  : Fast 1200mV 0C Model Minimum Pulse Width 'clk'
Slack : -3.000
TNS   : -37.878

------------------------------------------------------------
